../Middlewares/ST/touchgfx/framework/include/platform/driver/button/ButtonController.hpp:30:13:touchgfx::ButtonController::~ButtonController()	16	static
../Middlewares/ST/touchgfx/framework/include/platform/driver/button/ButtonController.hpp:30:13:virtual touchgfx::ButtonController::~ButtonController()	16	static
../Middlewares/ST/touchgfx/framework/include/platform/driver/button/ButtonController.hpp:48:18:virtual void touchgfx::ButtonController::reset()	16	static
../Middlewares/ST/touchgfx/framework/include/touchgfx/hal/HAL.hpp:101:13:touchgfx::HAL::~HAL()	16	static
../Middlewares/ST/touchgfx/framework/include/touchgfx/hal/HAL.hpp:101:13:virtual touchgfx::HAL::~HAL()	16	static
../Middlewares/ST/touchgfx/framework/include/touchgfx/hal/HAL.hpp:124:18:virtual void touchgfx::HAL::setDisplayOrientation(touchgfx::DisplayOrientation)	16	static
../Middlewares/ST/touchgfx/framework/include/touchgfx/hal/HAL.hpp:156:18:virtual void touchgfx::HAL::setFrameBufferSize(uint16_t, uint16_t)	16	static
../Middlewares/ST/touchgfx/framework/include/touchgfx/hal/HAL.hpp:320:28:virtual touchgfx::BlitOperations touchgfx::HAL::getBlitCaps()	16	static
../Middlewares/ST/touchgfx/framework/include/touchgfx/hal/HAL.hpp:638:18:virtual void touchgfx::HAL::backPorchExited()	16	static
../Middlewares/ST/touchgfx/framework/include/touchgfx/hal/HAL.hpp:670:18:virtual bool touchgfx::HAL::sampleKey(uint8_t&)	16	static
../Middlewares/ST/touchgfx/framework/include/touchgfx/hal/HAL.hpp:720:18:virtual void touchgfx::HAL::setFrameBufferStartAddresses(void*, void*, void*)	24	static
../Middlewares/ST/touchgfx/framework/include/touchgfx/hal/HAL.hpp:737:18:virtual void touchgfx::HAL::setAnimationStorage(void*)	16	static
../Middlewares/ST/touchgfx/framework/include/touchgfx/hal/HAL.hpp:833:10:void touchgfx::HAL::setButtonController(touchgfx::ButtonController*)	16	static
../Middlewares/ST/touchgfx/framework/include/touchgfx/hal/HAL.hpp:876:30:virtual touchgfx::FlashDataReader* touchgfx::HAL::getFlashDataReader() const	16	static
../Middlewares/ST/touchgfx/framework/include/touchgfx/hal/HAL.hpp:1025:18:virtual void touchgfx::HAL::taskDelay(uint16_t)	16	static
../Middlewares/ST/touchgfx/framework/include/touchgfx/hal/HAL.hpp:1052:22:virtual uint16_t touchgfx::HAL::getTFTCurrentLine()	16	static
../Middlewares/ST/touchgfx/framework/include/touchgfx/hal/HAL.hpp:1063:21:virtual touchgfx::DMAType touchgfx::HAL::getDMAType()	16	static
../Middlewares/ST/touchgfx/framework/include/touchgfx/hal/HAL.hpp:1162:18:virtual void touchgfx::HAL::performDisplayOrientationChange()	24	static
../Middlewares/ST/touchgfx/framework/include/touchgfx/hal/HAL.hpp:1189:18:virtual void touchgfx::HAL::InvalidateCache()	16	static
../Middlewares/ST/touchgfx/framework/include/touchgfx/hal/HAL.hpp:1199:18:virtual void touchgfx::HAL::FlushCache()	16	static
../TouchGFX/target/generated/TouchGFXGeneratedHAL.hpp:106:18:virtual void TouchGFXGeneratedHAL::flushFrameBuffer()	16	static
../TouchGFX/target/generated/TouchGFXGeneratedHAL.hpp:30:7:TouchGFXGeneratedHAL::~TouchGFXGeneratedHAL()	16	static
../TouchGFX/target/generated/TouchGFXGeneratedHAL.hpp:30:7:virtual TouchGFXGeneratedHAL::~TouchGFXGeneratedHAL()	16	static
../TouchGFX/target/TouchGFXHAL.hpp:106:18:virtual void TouchGFXHAL::flushFrameBuffer()	16	static
../Middlewares/ST/touchgfx/framework/include/platform/driver/button/ButtonController.hpp:26:7:constexpr touchgfx::ButtonController::ButtonController()	16	static
../Core/Inc/MyButtonController.hpp:13:7:MyButtonController::MyButtonController()	16	static
../TouchGFX/target/TouchGFXHAL.cpp:45:6:virtual void TouchGFXHAL::initialize()	16	static
../TouchGFX/target/TouchGFXHAL.cpp:62:11:virtual uint16_t* TouchGFXHAL::getTFTFrameBuffer() const	16	static
../TouchGFX/target/TouchGFXHAL.cpp:77:6:virtual void TouchGFXHAL::setTFTFrameBuffer(uint16_t*)	16	static
../TouchGFX/target/TouchGFXHAL.cpp:94:6:virtual void TouchGFXHAL::flushFrameBuffer(const touchgfx::Rect&)	16	static
../TouchGFX/target/TouchGFXHAL.cpp:109:6:virtual bool TouchGFXHAL::blockCopy(void*, const void*, uint32_t)	24	static
../TouchGFX/target/TouchGFXHAL.cpp:118:6:virtual void TouchGFXHAL::configureInterrupts()	16	static
../TouchGFX/target/TouchGFXHAL.cpp:131:6:virtual void TouchGFXHAL::enableInterrupts()	16	static
../TouchGFX/target/TouchGFXHAL.cpp:144:6:virtual void TouchGFXHAL::disableInterrupts()	16	static
../TouchGFX/target/TouchGFXHAL.cpp:158:6:virtual void TouchGFXHAL::enableLCDControllerInterrupt()	16	static
../TouchGFX/target/TouchGFXHAL.cpp:168:6:virtual bool TouchGFXHAL::beginFrame()	16	static
../TouchGFX/target/TouchGFXHAL.cpp:173:6:virtual void TouchGFXHAL::endFrame()	16	static
../TouchGFX/target/TouchGFXHAL.hpp:34:7:TouchGFXHAL::~TouchGFXHAL()	16	static
../TouchGFX/target/TouchGFXHAL.hpp:34:7:virtual TouchGFXHAL::~TouchGFXHAL()	16	static
../Core/Inc/MyButtonController.hpp:13:7:MyButtonController::~MyButtonController()	16	static
../Core/Inc/MyButtonController.hpp:13:7:virtual MyButtonController::~MyButtonController()	16	static
../TouchGFX/target/TouchGFXHAL.cpp:176:1:void __static_initialization_and_destruction_0(int, int)	16	static
../TouchGFX/target/TouchGFXHAL.cpp:176:1:cpp)	8	static
../TouchGFX/target/TouchGFXHAL.cpp:176:1:cpp)	8	static
