../Core/Src/main.c:67:5:_write	24	static
../Core/Src/main.c:78:5:main	8	static
../Core/Src/main.c:135:6:SystemClock_Config	88	static
../Core/Src/main.c:178:6:SetTime	40	static
../Core/Src/main.c:192:17:ShowRTC_Calendar	56	static
../Core/Src/main.c:205:6:HAL_RTC_AlarmAEventCallback	16	static
../Core/Src/main.c:213:6:HAL_TIM_PeriodElapsedCallback	16	static
../Core/Src/main.c:221:6:HAL_GPIO_EXTI_Callback	16	static,ignoring_inline_asm
../Core/Src/main.c:246:6:Error_Handler	4	static,ignoring_inline_asm
