../Middlewares/ST/touchgfx/framework/include/touchgfx/Screen.hpp:104:18:virtual void touchgfx::Screen::afterTransition()	16	static
../Middlewares/ST/touchgfx/framework/include/touchgfx/Screen.hpp:115:18:virtual void touchgfx::Screen::tearDownScreen()	16	static
../Middlewares/ST/touchgfx/framework/include/touchgfx/Screen.hpp:144:18:virtual void touchgfx::Screen::handleTickEvent()	16	static
../Middlewares/ST/touchgfx/framework/include/touchgfx/Screen.hpp:154:18:virtual void touchgfx::Screen::handleKeyEvent(uint8_t)	16	static
../TouchGFX/gui/include/gui/screen1_screen/screen1View.hpp:11:13:screen1View::~screen1View()	16	static
../TouchGFX/gui/include/gui/screen1_screen/screen1View.hpp:11:13:virtual screen1View::~screen1View()	16	static
../TouchGFX/gui/src/screen1_screen/screen1View.cpp:3:1:screen1View::screen1View()	16	static
../TouchGFX/gui/src/screen1_screen/screen1View.cpp:8:6:virtual void screen1View::setupScreen()	16	static
../TouchGFX/gui/src/screen1_screen/screen1View.cpp:13:6:virtual void screen1View::tearDownScreen()	16	static
