../MyLib/STM32_ILI9341_Simple/src/ili9341_simple.c:22:13:lcdWriteCommand	16	static
../MyLib/STM32_ILI9341_Simple/src/ili9341_simple.c:28:13:lcdWriteData	16	static
../MyLib/STM32_ILI9341_Simple/src/ili9341_simple.c:33:13:lcdReset	8	static
../MyLib/STM32_ILI9341_Simple/src/ili9341_simple.c:39:22:lcdBuildMemoryAccessControlConfig	24	static
../MyLib/STM32_ILI9341_Simple/src/ili9341_simple.c:57:6:lcdInit	16	static
../MyLib/STM32_ILI9341_Simple/src/ili9341_simple.c:216:6:lcdBacklightOff	8	static
../MyLib/STM32_ILI9341_Simple/src/ili9341_simple.c:221:6:lcdBacklightOn	8	static
../MyLib/STM32_ILI9341_Simple/src/ili9341_simple.c:226:6:lcdSetOrientation	16	static
../MyLib/STM32_ILI9341_Simple/src/ili9341_simple.c:261:6:lcdSetWindow	24	static
../MyLib/STM32_ILI9341_Simple/src/ili9341_simple.c:276:6:lcdTest	24	static
